
hagwangseok@8R52PR2 MINGW64 ~/gitea
$ mkdir git_training

hagwangseok@8R52PR2 MINGW64 ~/gitea
$ cd git_training/

hagwangseok@8R52PR2 MINGW64 ~/gitea/git_training
$ git clone git@gitea.openhouse-group.com:OpenHouse-Org/Gitea-Training-Prj.git folder1
Cloning into 'folder1'...
git@gitea.openhouse-group.com: Permission denied (publickey).
fatal: Could not read from remote repository.

Please make sure you have the correct access rights
and the repository exists.

hagwangseok@8R52PR2 MINGW64 ~/gitea/git_training
$ cd ../../
Display all 46 possibilities? (y or n)

hagwangseok@8R52PR2 MINGW64 ~/gitea/git_training
$ cd ../

hagwangseok@8R52PR2 MINGW64 ~/gitea
$ ls
git_learning/  git_training/  lesson1_branch/  repo/  ssh/

hagwangseok@8R52PR2 MINGW64 ~/gitea
$ cd ssh/

hagwangseok@8R52PR2 MINGW64 ~/gitea/ssh
$ ssh-add giteassh
Could not open a connection to your authentication agent.

hagwangseok@8R52PR2 MINGW64 ~/gitea/ssh
$ eval $(ssh-agent -s)
Agent pid 12192

hagwangseok@8R52PR2 MINGW64 ~/gitea/ssh
$ ssh-add giteassh
Enter passphrase for giteassh:
Identity added: giteassh (gwangseok.ha@openhouse-group.com)

hagwangseok@8R52PR2 MINGW64 ~/gitea/ssh
$ ls
giteassh  giteassh.pub

hagwangseok@8R52PR2 MINGW64 ~/gitea/ssh
$ cd ..

hagwangseok@8R52PR2 MINGW64 ~/gitea
$ ls
git_learning/  git_training/  lesson1_branch/  repo/  ssh/

hagwangseok@8R52PR2 MINGW64 ~/gitea
$ cd git_training/

hagwangseok@8R52PR2 MINGW64 ~/gitea/git_training
$ ls

hagwangseok@8R52PR2 MINGW64 ~/gitea/git_training
$ git clone git@gitea.openhouse-group.com:OpenHouse-Org/Gitea-Training-Prj.git folder1
Cloning into 'folder1'...
remote: Counting objects: 18, done.
remote: Compressing objects: 100% (13/13), done.
remote: Total 18 (delta 0), reused 0 (delta 0)
Receiving objects: 100% (18/18), done.

hagwangseok@8R52PR2 MINGW64 ~/gitea/git_training
$ ls
folder1/

hagwangseok@8R52PR2 MINGW64 ~/gitea/git_training
$ cd ..

hagwangseok@8R52PR2 MINGW64 ~/gitea
$ pwd
/c/Users/hagwangseok/gitea

hagwangseok@8R52PR2 MINGW64 ~/gitea
$ cd git_training/

hagwangseok@8R52PR2 MINGW64 ~/gitea/git_training
$ git clone -b lesson_1 git@gitea.openhouse-group.com:OpenHouse-Org/Gitea-Training-Prj.git folder2
Cloning into 'folder2'...
remote: Counting objects: 18, done.
remote: Compressing objects: 100% (13/13), done.
remote: Total 18 (delta 0), reused 0 (delta 0)
Receiving objects: 100% (18/18), done.

hagwangseok@8R52PR2 MINGW64 ~/gitea/git_training
$ cd folder1

hagwangseok@8R52PR2 MINGW64 ~/gitea/git_training/folder1 (master)
$ git checkout lesson_1
Switched to a new branch 'lesson_1'
Branch 'lesson_1' set up to track remote branch 'lesson_1' from 'origin'.

hagwangseok@8R52PR2 MINGW64 ~/gitea/git_training/folder1 (lesson_1)
$ vi file2.txt

hagwangseok@8R52PR2 MINGW64 ~/gitea/git_training/folder1 (lesson_1)
$ git status
On branch lesson_1
Your branch is up to date with 'origin/lesson_1'.

Untracked files:
  (use "git add <file>..." to include in what will be committed)

        file2.txt

nothing added to commit but untracked files present (use "git add" to track)

hagwangseok@8R52PR2 MINGW64 ~/gitea/git_training/folder1 (lesson_1)
$ git add file2.txt
warning: LF will be replaced by CRLF in file2.txt.
The file will have its original line endings in your working directory

hagwangseok@8R52PR2 MINGW64 ~/gitea/git_training/folder1 (lesson_1)
$ git commit file2.txt -m "add file 2"
warning: LF will be replaced by CRLF in file2.txt.
The file will have its original line endings in your working directory
[lesson_1 f2b0c04] add file 2
 1 file changed, 1 insertion(+)
 create mode 100644 file2.txt

hagwangseok@8R52PR2 MINGW64 ~/gitea/git_training/folder1 (lesson_1)
$ git push
Enumerating objects: 4, done.
Counting objects: 100% (4/4), done.
Delta compression using up to 6 threads
Compressing objects: 100% (2/2), done.
Writing objects: 100% (3/3), 314 bytes | 314.00 KiB/s, done.
Total 3 (delta 0), reused 0 (delta 0)
remote:
remote: Create a new pull request for 'lesson_1':
remote:   https://gitea.openhouse-group.com/OpenHouse-Org/Gitea-Training-Prj/compare/master...lesson_1
remote:
To gitea.openhouse-group.com:OpenHouse-Org/Gitea-Training-Prj.git
   799678e..f2b0c04  lesson_1 -> lesson_1

hagwangseok@8R52PR2 MINGW64 ~/gitea/git_training/folder1 (lesson_1)
$ git checkout master
Switched to branch 'master'
Your branch is up to date with 'origin/master'.

hagwangseok@8R52PR2 MINGW64 ~/gitea/git_training/folder1 (master)
$ git pull
Already up to date.

hagwangseok@8R52PR2 MINGW64 ~/gitea/git_training/folder1 (master)
$ cd ../folder2

hagwangseok@8R52PR2 MINGW64 ~/gitea/git_training/folder2 (lesson_1)
$ ls
file1.txt  README.md

hagwangseok@8R52PR2 MINGW64 ~/gitea/git_training/folder2 (lesson_1)
$ history
    1  K71U8DBPNE-eyJsaWNlbnNlSWQiOiJLNzFVOERCUE5FIiwibGljZW5zZWVOYW1lIjoibGFuIHl1IiwiYXNzaWduZWVOYW1lIjoiIiwiYXNzaWduZWVFbWFpbCI6IiIsImxpY2Vuc2VSZXN0cmljdGlvbiI6IkZvciBlZHVjYXRpb25hbCB1c2Ugb25seSIsImNoZWNrQ29uY3VycmVudFVzZSI6ZmFsc2UsInByb2R1Y3RzIjpbeyJjb2RlIjoiSUkiLCJwYWlkVXBUbyI6IjIwMTktMDUtMDQifSx7ImNvZGUiOiJSUzAiLCJwYWlkVXBUbyI6IjIwMTktMDUtMDQifSx7ImNvZGUiOiJXUyIsInBhaWRVcFRvIjoiMjAxOS0wNS0wNCJ9LHsiY29kZSI6IlJEIiwicGFpZFVwVG8iOiIyMDE5LTA1LTA0In0seyJjb2RlIjoiUkMiLCJwYWlkVXBUbyI6IjIwMTktMDUtMDQifSx7ImNvZGUiOiJEQyIsInBhaWRVcFRvIjoiMjAxOS0wNS0wNCJ9LHsiY29kZSI6IkRCIiwicGFpZFVwVG8iOiIyMDE5LTA1LTA0In0seyJjb2RlIjoiUk0iLCJwYWlkVXBUbyI6IjIwMTktMDUtMDQifSx7ImNvZGUiOiJETSIsInBhaWRVcFRvIjoiMjAxOS0wNS0wNCJ9LHsiY29kZSI6IkFDIiwicGFpZFVwVG8iOiIyMDE5LTA1LTA0In0seyJjb2RlIjoiRFBOIiwicGFpZFVwVG8iOiIyMDE5LTA1LTA0In0seyJjb2RlIjoiR08iLCJwYWlkVXBUbyI6IjIwMTktMDUtMDQifSx7ImNvZGUiOiJQUyIsInBhaWRVcFRvIjoiMjAxOS0wNS0wNCJ9LHsiY29kZSI6IkNMIiwicGFpZFVwVG8iOiIyMDE5LTA1LTA0In0seyJjb2RlIjoiUEMiLCJwYWlkVXBUbyI6IjIwMTktMDUtMDQifSx7ImNvZGUiOiJSU1UiLCJwYWlkVXBUbyI6IjIwMTktMDUtMDQifV0sImhhc2giOiI4OTA4Mjg5LzAiLCJncmFjZVBlcmlvZERheXMiOjAsImF1dG9Qcm9sb25nYXRlZCI6ZmFsc2UsImlzQXV0b1Byb2xvbmdhdGVkIjpmYWxzZX0=-Owt3/+LdCpedvF0eQ8635yYt0+ZLtCfIHOKzSrx5hBtbKGYRPFDrdgQAK6lJjexl2emLBcUq729K1+ukY9Js0nx1NH09l9Rw4c7k9wUksLl6RWx7Hcdcma1AHolfSp79NynSMZzQQLFohNyjD+dXfXM5GYd2OTHya0zYjTNMmAJuuRsapJMP9F1z7UTpMpLMxS/JaCWdyX6qIs+funJdPF7bjzYAQBvtbz+6SANBgN36gG1B2xHhccTn6WE8vagwwSNuM70egpahcTktoHxI7uS1JGN9gKAr6nbp+8DbFz3a2wd+XoF3nSJb/d2f/6zJR8yJF8AOyb30kwg3zf5cWw==-MIIEPjCCAiagAwIBAgIBBTANBgkqhkiG9w0BAQsFADAYMRYwFAYDVQQDDA1KZXRQcm9maWxlIENBMB4XDTE1MTEwMjA4MjE0OFoXDTE4MTEwMTA4MjE0OFowETEPMA0GA1UEAwwGcHJvZDN5MIIBIjANBgkqhkiG9w0BAQEFAAOCAQ8AMIIBCgKCAQEAxcQkq+zdxlR2mmRYBPzGbUNdMN6OaXiXzxIWtMEkrJMO/5oUfQJbLLuMSMK0QHFmaI37WShyxZcfRCidwXjot4zmNBKnlyHodDij/78TmVqFl8nOeD5+07B8VEaIu7c3E1N+e1doC6wht4I4+IEmtsPAdoaj5WCQVQbrI8KeT8M9VcBIWX7fD0fhexfg3ZRt0xqwMcXGNp3DdJHiO0rCdU+Itv7EmtnSVq9jBG1usMSFvMowR25mju2JcPFp1+I4ZI+FqgR8gyG8oiNDyNEoAbsR3lOpI7grUYSvkB/xVy/VoklPCK2h0f0GJxFjnye8NT1PAywoyl7RmiAVRE/EKwIDAQABo4GZMIGWMAkGA1UdEwQCMAAwHQYDVR0OBBYEFGEpG9oZGcfLMGNBkY7SgHiMGgTcMEgGA1UdIwRBMD+AFKOetkhnQhI2Qb1t4Lm0oFKLl/GzoRykGjAYMRYwFAYDVQQDDA1KZXRQcm9maWxlIENBggkA0myxg7KDeeEwEwYDVR0lBAwwCgYIKwYBBQUHAwEwCwYDVR0PBAQDAgWgMA0GCSqGSIb3DQEBCwUAA4ICAQC9WZuYgQedSuOc5TOUSrRigMw4/+wuC5EtZBfvdl4HT/8vzMW/oUlIP4YCvA0XKyBaCJ2iX+ZCDKoPfiYXiaSiH+HxAPV6J79vvouxKrWg2XV6ShFtPLP+0gPdGq3x9R3+kJbmAm8w+FOdlWqAfJrLvpzMGNeDU14YGXiZ9bVzmIQbwrBA+c/F4tlK/DV07dsNExihqFoibnqDiVNTGombaU2dDup2gwKdL81ua8EIcGNExHe82kjF4zwfadHk3bQVvbfdAwxcDy4xBjs3L4raPLU3yenSzr/OEur1+jfOxnQSmEcMXKXgrAQ9U55gwjcOFKrgOxEdek/Sk1VfOjvS+nuM4eyEruFMfaZHzoQiuw4IqgGc45ohFH0UUyjYcuFxxDSU9lMCv8qdHKm+wnPRb0l9l5vXsCBDuhAGYD6ss+Ga+aDY6f/qXZuUCEUOH3QUNbbCUlviSz6+GiRnt1kA9N2Qachl+2yBfaqUqr8h7Z2gsx5LcIf5kYNsqJ0GavXTVyWh7PYiKX4bs354ZQLUwwa/cG++2+wNWP+HtBhVxMRNTdVhSm38AknZlD+PTAsWGu9GyLmhti2EnVwGybSD2Dxmhxk3IPCkhKAK+pl0eWYGZWG3tJ9mZ7SowcXLWDFAk0lRJnKGFMTggrWjV8GYpw5bq23VmIqqDLgkNzuoog==
    2  mkdir git_training
    3  cd git_training/
    4  git clone git@gitea.openhouse-group.com:OpenHouse-Org/Gitea-Training-Prj.git folder1
    5  cd ../
    6  ls
    7  cd ssh/
    8  ssh-add giteassh
    9  eval $(ssh-agent -s)
   10  ssh-add giteassh
   11  ls
   12  cd ..
   13  ls
   14  cd git_training/
   15  ls
   16  git clone git@gitea.openhouse-group.com:OpenHouse-Org/Gitea-Training-Prj.git folder1
   17  ls
   18  cd ..
   19  pwd
   20  cd git_training/
   21  git clone -b lesson_1 git@gitea.openhouse-group.com:OpenHouse-Org/Gitea-Training-Prj.git folder2
   22  cd folder1
   23  git checkout lesson_1
   24  vi file2.txt
   25  git status
   26  git add file2.txt
   27  git commit file2.txt -m "add file 2"
   28  git push
   29  git checkout master
   30  git pull
   31  cd ../folder2
   32  ls
   33  history

hagwangseok@8R52PR2 MINGW64 ~/gitea/git_training/folder2 (lesson_1)
$ ls
file1.txt  README.md

hagwangseok@8R52PR2 MINGW64 ~/gitea/git_training/folder2 (lesson_1)
$ cd ..

hagwangseok@8R52PR2 MINGW64 ~/gitea/git_training
$ ls
folder1/  folder2/

hagwangseok@8R52PR2 MINGW64 ~/gitea/git_training
$ ls
folder1/  folder2/

hagwangseok@8R52PR2 MINGW64 ~/gitea/git_training
$ cd folder1

hagwangseok@8R52PR2 MINGW64 ~/gitea/git_training/folder1 (master)
$ git checkout lesson_1
Switched to branch 'lesson_1'
Your branch is up to date with 'origin/lesson_1'.

hagwangseok@8R52PR2 MINGW64 ~/gitea/git_training/folder1 (lesson_1)
$ cd ../folder2

hagwangseok@8R52PR2 MINGW64 ~/gitea/git_training/folder2 (lesson_1)
$ git pull
remote: Counting objects: 3, done.
remote: Compressing objects: 100% (2/2), done.
remote: Total 3 (delta 0), reused 0 (delta 0)
Unpacking objects: 100% (3/3), done.
From gitea.openhouse-group.com:OpenHouse-Org/Gitea-Training-Prj
   799678e..f2b0c04  lesson_1   -> origin/lesson_1
Updating 799678e..f2b0c04
Fast-forward
 file2.txt | 1 +
 1 file changed, 1 insertion(+)
 create mode 100644 file2.txt

hagwangseok@8R52PR2 MINGW64 ~/gitea/git_training/folder2 (lesson_1)
$ git checkout master
Switched to a new branch 'master'
Branch 'master' set up to track remote branch 'master' from 'origin'.

hagwangseok@8R52PR2 MINGW64 ~/gitea/git_training/folder2 (master)
$ git checkout lesson_1
Switched to branch 'lesson_1'
Your branch is up to date with 'origin/lesson_1'.

hagwangseok@8R52PR2 MINGW64 ~/gitea/git_training/folder2 (lesson_1)
$ git checkout master
Switched to branch 'master'
Your branch is up to date with 'origin/master'.

hagwangseok@8R52PR2 MINGW64 ~/gitea/git_training/folder2 (master)
$ git add file3.txt

hagwangseok@8R52PR2 MINGW64 ~/gitea/git_training/folder2 (master)
$ git commit file2.txt -m "add file 3"
error: pathspec 'file2.txt' did not match any file(s) known to git

hagwangseok@8R52PR2 MINGW64 ~/gitea/git_training/folder2 (master)
$ git commit file3.txt -m "add file 3"
[master de83c1d] add file 3
 1 file changed, 1 insertion(+)
 create mode 100644 file3.txt

hagwangseok@8R52PR2 MINGW64 ~/gitea/git_training/folder2 (master)
$ git push
Enumerating objects: 4, done.
Counting objects: 100% (4/4), done.
Delta compression using up to 6 threads
Compressing objects: 100% (2/2), done.
Writing objects: 100% (3/3), 314 bytes | 314.00 KiB/s, done.
Total 3 (delta 0), reused 0 (delta 0)
To gitea.openhouse-group.com:OpenHouse-Org/Gitea-Training-Prj.git
   2218d45..de83c1d  master -> master

hagwangseok@8R52PR2 MINGW64 ~/gitea/git_training/folder2 (master)
$ git add file2.txt -m "add file2"
error: unknown switch `m'
usage: git add [<options>] [--] <pathspec>...

    -n, --dry-run         dry run
    -v, --verbose         be verbose

    -i, --interactive     interactive picking
    -p, --patch           select hunks interactively
    -e, --edit            edit current diff and apply
    -f, --force           allow adding otherwise ignored files
    -u, --update          update tracked files
    --renormalize         renormalize EOL of tracked files (implies -u)
    -N, --intent-to-add   record only the fact that the path will be added later
    -A, --all             add changes from all tracked and untracked files
    --ignore-removal      ignore paths removed in the working tree (same as --no-all)
    --refresh             don't add, only refresh the index
    --ignore-errors       just skip files which cannot be added because of errors
    --ignore-missing      check if - even missing - files are ignored in dry run
    --chmod (+|-)x        override the executable bit of the listed files


hagwangseok@8R52PR2 MINGW64 ~/gitea/git_training/folder2 (master)
$ git add file2.txt

hagwangseok@8R52PR2 MINGW64 ~/gitea/git_training/folder2 (master)
$ git commit  file2.txt -m "add file2"
[master 10f8ba9] add file2
 1 file changed, 1 insertion(+)
 create mode 100644 file2.txt

hagwangseok@8R52PR2 MINGW64 ~/gitea/git_training/folder2 (master)
$ git push
Enumerating objects: 3, done.
Counting objects: 100% (3/3), done.
Delta compression using up to 6 threads
Compressing objects: 100% (2/2), done.
Writing objects: 100% (2/2), 255 bytes | 255.00 KiB/s, done.
Total 2 (delta 1), reused 0 (delta 0)
To gitea.openhouse-group.com:OpenHouse-Org/Gitea-Training-Prj.git
   de83c1d..10f8ba9  master -> master

hagwangseok@8R52PR2 MINGW64 ~/gitea/git_training/folder2 (master)
$ git pull
Already up to date.

hagwangseok@8R52PR2 MINGW64 ~/gitea/git_training/folder2 (master)
$ git add ha.txt

hagwangseok@8R52PR2 MINGW64 ~/gitea/git_training/folder2 (master)
$ git commit Ha.txt -m "aaa"
error: pathspec 'Ha.txt' did not match any file(s) known to git

hagwangseok@8R52PR2 MINGW64 ~/gitea/git_training/folder2 (master)
$ git add Ha.txt

hagwangseok@8R52PR2 MINGW64 ~/gitea/git_training/folder2 (master)
$ git commit Ha.txt -m "aaa"
[master 36c7cc2] aaa
 1 file changed, 1 insertion(+)
 create mode 100644 Ha.txt

hagwangseok@8R52PR2 MINGW64 ~/gitea/git_training/folder2 (master)
$ git push
Enumerating objects: 3, done.
Counting objects: 100% (3/3), done.
Delta compression using up to 6 threads
Compressing objects: 100% (2/2), done.
Writing objects: 100% (2/2), 238 bytes | 238.00 KiB/s, done.
Total 2 (delta 1), reused 0 (delta 0)
To gitea.openhouse-group.com:OpenHouse-Org/Gitea-Training-Prj.git
   10f8ba9..36c7cc2  master -> master

hagwangseok@8R52PR2 MINGW64 ~/gitea/git_training/folder2 (master)
$ git pull
remote: Counting objects: 4, done.
remote: Compressing objects: 100% (4/4), done.
remote: Total 4 (delta 2), reused 0 (delta 0)
Unpacking objects: 100% (4/4), done.
From gitea.openhouse-group.com:OpenHouse-Org/Gitea-Training-Prj
   36c7cc2..bd9a0ae  master     -> origin/master
Updating 36c7cc2..bd9a0ae
Fast-forward
 Mizu.txt  | 1 +
 Mizu2.txt | 1 +
 2 files changed, 2 insertions(+)
 create mode 100644 Mizu.txt
 create mode 100644 Mizu2.txt

hagwangseok@8R52PR2 MINGW64 ~/gitea/git_training/folder2 (master)
$ git add Ha2.txt

hagwangseok@8R52PR2 MINGW64 ~/gitea/git_training/folder2 (master)
$ git commit Ha2.txt -m "a"
[master 976642a] a
 1 file changed, 1 insertion(+)
 create mode 100644 Ha2.txt

hagwangseok@8R52PR2 MINGW64 ~/gitea/git_training/folder2 (master)
$ git push
Enumerating objects: 3, done.
Counting objects: 100% (3/3), done.
Delta compression using up to 6 threads
Compressing objects: 100% (2/2), done.
Writing objects: 100% (2/2), 228 bytes | 228.00 KiB/s, done.
Total 2 (delta 1), reused 0 (delta 0)
To gitea.openhouse-group.com:OpenHouse-Org/Gitea-Training-Prj.git
   bd9a0ae..976642a  master -> master
